
> jacob-darling-portfolio@1.0.0 build
> vite build

[36mvite v5.4.21 [32mbuilding for production...[36m[39m
transforming...
[32mΓ£ô[39m 2407 modules transformed.
rendering chunks...
computing gzip size...
[2mdist/[22m[32massets/main-_9NoRs3j.js                       [39m[1m[2m   11.78 kB[22m[1m[22m
[2mdist/[22m[32mindex.html                                    [39m[1m[2m   15.50 kB[22m[1m[22m[2m Γöé gzip:     4.30 kB[22m
[2mdist/[22m[35massets/CTA-CY3unM9k.css                       [39m[1m[2m    0.33 kB[22m[1m[22m[2m Γöé gzip:     0.21 kB[22m
[2mdist/[22m[35massets/animation-vendor-D2oTg1Kg.css          [39m[1m[2m    0.38 kB[22m[1m[22m[2m Γöé gzip:     0.21 kB[22m
[2mdist/[22m[35massets/TimelineNavigation-Da8ayEm8.css        [39m[1m[2m    0.55 kB[22m[1m[22m[2m Γöé gzip:     0.23 kB[22m
[2mdist/[22m[35massets/ExperienceTimeline-2KpDRkGm.css        [39m[1m[2m    0.60 kB[22m[1m[22m[2m Γöé gzip:     0.22 kB[22m
[2mdist/[22m[35massets/page-casestudiesenhanced-BNsh86g1.css  [39m[1m[2m    1.21 kB[22m[1m[22m[2m Γöé gzip:     0.51 kB[22m
[2mdist/[22m[35massets/page-casestudydetail-MlA7llYV.css      [39m[1m[2m    1.63 kB[22m[1m[22m[2m Γöé gzip:     0.66 kB[22m
[2mdist/[22m[35massets/TestimonialsSection-5GhyrbzF.css       [39m[1m[2m    1.79 kB[22m[1m[22m[2m Γöé gzip:     0.71 kB[22m
[2mdist/[22m[35massets/page-toolbox-HdQ9rRj3.css              [39m[1m[2m    2.35 kB[22m[1m[22m[2m Γöé gzip:     0.71 kB[22m
[2mdist/[22m[35massets/page-applicationdetail-B_ab81OY.css    [39m[1m[2m    2.89 kB[22m[1m[22m[2m Γöé gzip:     0.95 kB[22m
[2mdist/[22m[35massets/InteractiveTimeline-VXy5Ettb.css       [39m[1m[2m    2.94 kB[22m[1m[22m[2m Γöé gzip:     0.99 kB[22m
[2mdist/[22m[35massets/page-projectdetail-zO-IuNnB.css        [39m[1m[2m    3.05 kB[22m[1m[22m[2m Γöé gzip:     1.11 kB[22m
[2mdist/[22m[35massets/SkillsRadar-CB1LNgAl.css               [39m[1m[2m    3.62 kB[22m[1m[22m[2m Γöé gzip:     1.10 kB[22m
[2mdist/[22m[35massets/page-testimonials-BMVlRKzO.css         [39m[1m[2m    4.55 kB[22m[1m[22m[2m Γöé gzip:     1.34 kB[22m
[2mdist/[22m[35massets/page-index-CoEAZaZd.css                [39m[1m[2m    4.74 kB[22m[1m[22m[2m Γöé gzip:     1.49 kB[22m
[2mdist/[22m[35massets/page-toolbox-DOmBoV2F.css              [39m[1m[2m    5.34 kB[22m[1m[22m[2m Γöé gzip:     1.56 kB[22m
[2mdist/[22m[35massets/page-contact-BoAlk6zC.css              [39m[1m[2m    5.83 kB[22m[1m[22m[2m Γöé gzip:     1.67 kB[22m
[2mdist/[22m[35massets/page-casestudydetail-DrCwG1n4.css      [39m[1m[2m    5.99 kB[22m[1m[22m[2m Γöé gzip:     1.70 kB[22m
[2mdist/[22m[35massets/ToolboxEcosystem-DDODtiTA.css          [39m[1m[2m    6.07 kB[22m[1m[22m[2m Γöé gzip:     1.65 kB[22m
[2mdist/[22m[35massets/page-sideprojects-6eBdwWeT.css         [39m[1m[2m    8.32 kB[22m[1m[22m[2m Γöé gzip:     2.20 kB[22m
[2mdist/[22m[35massets/page-photography-o0GCwRuk.css          [39m[1m[2m    8.33 kB[22m[1m[22m[2m Γöé gzip:     2.26 kB[22m
[2mdist/[22m[35massets/page-design-CkXVZP67.css               [39m[1m[2m    8.37 kB[22m[1m[22m[2m Γöé gzip:     2.24 kB[22m
[2mdist/[22m[35massets/page-applicationdetail-CtqJ9JD0.css    [39m[1m[2m    8.80 kB[22m[1m[22m[2m Γöé gzip:     2.28 kB[22m
[2mdist/[22m[35massets/page-resume-CRkkpsd7.css               [39m[1m[2m    9.20 kB[22m[1m[22m[2m Γöé gzip:     2.34 kB[22m
[2mdist/[22m[35massets/page-casestudies-xCPpPlQo.css          [39m[1m[2m    9.78 kB[22m[1m[22m[2m Γöé gzip:     2.41 kB[22m
[2mdist/[22m[35massets/page-about-6OZbwylg.css                [39m[1m[2m   10.03 kB[22m[1m[22m[2m Γöé gzip:     2.28 kB[22m
[2mdist/[22m[35massets/page-projects-D7G4DwzD.css             [39m[1m[2m   10.30 kB[22m[1m[22m[2m Γöé gzip:     2.28 kB[22m
[2mdist/[22m[35massets/page-about-MZsQbJcr.css                [39m[1m[2m   10.61 kB[22m[1m[22m[2m Γöé gzip:     2.41 kB[22m
[2mdist/[22m[35massets/page-applications-ZW3GLcgj.css         [39m[1m[2m   13.40 kB[22m[1m[22m[2m Γöé gzip:     3.09 kB[22m
[2mdist/[22m[35massets/page-inspiration-CA17BoQ5.css          [39m[1m[2m   13.74 kB[22m[1m[22m[2m Γöé gzip:     2.82 kB[22m
[2mdist/[22m[35massets/page-side-project-detail-Buz7gI_7.css  [39m[1m[2m   16.18 kB[22m[1m[22m[2m Γöé gzip:     3.47 kB[22m
[2mdist/[22m[35massets/index-Bx3LPy1p.css                     [39m[1m[2m   99.15 kB[22m[1m[22m[2m Γöé gzip:    16.90 kB[22m
[2mdist/[22m[36massets/PDFDownloadWrapper-BANZPD4w.js         [39m[1m[2m    1.31 kB[22m[1m[22m[2m Γöé gzip:     0.60 kB[22m
[2mdist/[22m[36massets/FloatingActionButtons-Bdsb5Aww.js      [39m[1m[2m    2.32 kB[22m[1m[22m[2m Γöé gzip:     0.94 kB[22m
[2mdist/[22m[36massets/SkillsWithProgress-9GimrHJB.js         [39m[1m[2m    2.70 kB[22m[1m[22m[2m Γöé gzip:     1.07 kB[22m
[2mdist/[22m[36massets/InteractiveTimeline-Df4NuBQr.js        [39m[1m[2m    2.74 kB[22m[1m[22m[2m Γöé gzip:     0.99 kB[22m
[2mdist/[22m[36massets/chunk-_bm9Se2g.js                      [39m[1m[2m    3.14 kB[22m[1m[22m[2m Γöé gzip:     1.26 kB[22m
[2mdist/[22m[36massets/Testimonials-B5j0fwo8.js               [39m[1m[2m    3.15 kB[22m[1m[22m[2m Γöé gzip:     1.42 kB[22m
[2mdist/[22m[36massets/IntroStatement-CFxwALHH.js             [39m[1m[2m    3.17 kB[22m[1m[22m[2m Γöé gzip:     1.18 kB[22m
[2mdist/[22m[36massets/AwardsSection-C47abX8Y.js              [39m[1m[2m    3.23 kB[22m[1m[22m[2m Γöé gzip:     1.45 kB[22m
[2mdist/[22m[36massets/SkillsRadar-BEigu0Np.js                [39m[1m[2m    4.05 kB[22m[1m[22m[2m Γöé gzip:     1.45 kB[22m
[2mdist/[22m[36massets/TimelineNavigation-BhHAbeCI.js         [39m[1m[2m    4.53 kB[22m[1m[22m[2m Γöé gzip:     1.66 kB[22m
[2mdist/[22m[36massets/GlanceMetrics-BdnxriNg.js              [39m[1m[2m    4.56 kB[22m[1m[22m[2m Γöé gzip:     1.84 kB[22m
[2mdist/[22m[36massets/SkillsShowcase-BhuwFV0C.js             [39m[1m[2m    4.64 kB[22m[1m[22m[2m Γöé gzip:     1.74 kB[22m
[2mdist/[22m[36massets/ProjectDetail-CNjoQzDp.js              [39m[1m[2m    4.89 kB[22m[1m[22m[2m Γöé gzip:     1.62 kB[22m
[2mdist/[22m[36massets/CTA-HXZ2lBVX.js                        [39m[1m[2m    5.29 kB[22m[1m[22m[2m Γöé gzip:     2.03 kB[22m
[2mdist/[22m[36massets/ResumeDownload-DMffLvDt.js             [39m[1m[2m    5.67 kB[22m[1m[22m[2m Γöé gzip:     1.69 kB[22m
[2mdist/[22m[36massets/AboutSnapshot-B6Hqtr9O.js              [39m[1m[2m    5.81 kB[22m[1m[22m[2m Γöé gzip:     1.97 kB[22m
[2mdist/[22m[36massets/SideProjects-STlMmZh9.js               [39m[1m[2m    6.23 kB[22m[1m[22m[2m Γöé gzip:     1.93 kB[22m
[2mdist/[22m[36massets/ToolboxEcosystem-CjfrFO1n.js           [39m[1m[2m    6.23 kB[22m[1m[22m[2m Γöé gzip:     2.23 kB[22m
[2mdist/[22m[36massets/Awards-ojwylUDX.js                     [39m[1m[2m    6.51 kB[22m[1m[22m[2m Γöé gzip:     2.07 kB[22m
[2mdist/[22m[36massets/RedesignedFeaturedWork-D4syUL2-.js     [39m[1m[2m    6.85 kB[22m[1m[22m[2m Γöé gzip:     2.16 kB[22m
[2mdist/[22m[36massets/chunk-BnoaG_kw.js                      [39m[1m[2m    7.04 kB[22m[1m[22m[2m Γöé gzip:     2.65 kB[22m
[2mdist/[22m[36massets/ExperienceTimeline-EU3BKXiU.js         [39m[1m[2m    7.13 kB[22m[1m[22m[2m Γöé gzip:     2.31 kB[22m
[2mdist/[22m[36massets/ResumePDF-BXwKAJR_.js                  [39m[1m[2m    7.64 kB[22m[1m[22m[2m Γöé gzip:     2.02 kB[22m
[2mdist/[22m[36massets/Testimonials-dOhtKtpF.js               [39m[1m[2m    7.91 kB[22m[1m[22m[2m Γöé gzip:     3.09 kB[22m
[2mdist/[22m[36massets/chunk-U_qtpnbR.js                      [39m[1m[2m    7.96 kB[22m[1m[22m[2m Γöé gzip:     2.75 kB[22m
[2mdist/[22m[36massets/AwardShowcase-C4C0V1MI.js              [39m[1m[2m    8.11 kB[22m[1m[22m[2m Γöé gzip:     2.50 kB[22m
[2mdist/[22m[36massets/Contact-BkCokDh5.js                    [39m[1m[2m    8.26 kB[22m[1m[22m[2m Γöé gzip:     2.71 kB[22m
[2mdist/[22m[36massets/TestimonialsSection-Cv-B0CPq.js        [39m[1m[2m    9.34 kB[22m[1m[22m[2m Γöé gzip:     3.64 kB[22m
[2mdist/[22m[36massets/Photography-CnccKFqF.js                [39m[1m[2m    9.39 kB[22m[1m[22m[2m Γöé gzip:     3.41 kB[22m
[2mdist/[22m[36massets/chunk-DL9YAvtt.js                      [39m[1m[2m   11.73 kB[22m[1m[22m[2m Γöé gzip:     4.31 kB[22m
[2mdist/[22m[36massets/Design-Dk0whNmJ.js                     [39m[1m[2m   11.95 kB[22m[1m[22m[2m Γöé gzip:     4.23 kB[22m
[2mdist/[22m[36massets/chunk-Bh-tLGAQ.js                      [39m[1m[2m   12.55 kB[22m[1m[22m[2m Γöé gzip:     4.63 kB[22m
[2mdist/[22m[36massets/chunk-ChcHDOG4.js                      [39m[1m[2m   13.36 kB[22m[1m[22m[2m Γöé gzip:     4.48 kB[22m
[2mdist/[22m[36massets/chunk-DQzPn9ly.js                      [39m[1m[2m   13.74 kB[22m[1m[22m[2m Γöé gzip:     5.10 kB[22m
[2mdist/[22m[36massets/SideProjectDetail-Btkj6fQY.js          [39m[1m[2m   15.94 kB[22m[1m[22m[2m Γöé gzip:     4.54 kB[22m
[2mdist/[22m[36massets/chunk-Dbqh_0T0.js                      [39m[1m[2m   24.17 kB[22m[1m[22m[2m Γöé gzip:     6.72 kB[22m
[2mdist/[22m[36massets/index-DzixUTiW.js                      [39m[1m[2m   32.49 kB[22m[1m[22m[2m Γöé gzip:     9.42 kB[22m
[2mdist/[22m[36massets/chunk-DUdrrzwE.js                      [39m[1m[2m   42.39 kB[22m[1m[22m[2m Γöé gzip:    11.68 kB[22m
[2mdist/[22m[36massets/chunk-BhNj2ld6.js                      [39m[1m[2m   46.24 kB[22m[1m[22m[2m Γöé gzip:    16.00 kB[22m
[2mdist/[22m[36massets/Toolbox-CHRZD8Wn.js                    [39m[1m[2m   47.22 kB[22m[1m[22m[2m Γöé gzip:    14.64 kB[22m
[2mdist/[22m[36massets/chunk-BqN5d0bj.js                      [39m[1m[2m   64.02 kB[22m[1m[22m[2m Γöé gzip:    19.44 kB[22m
[2mdist/[22m[36massets/chunk-Cecsl8Xp.js                      [39m[1m[2m   64.38 kB[22m[1m[22m[2m Γöé gzip:    19.18 kB[22m
[2mdist/[22m[36massets/chunk-DcExyc3y.js                      [39m[1m[2m  140.79 kB[22m[1m[22m[2m Γöé gzip:    45.30 kB[22m
[2mdist/[22m[36massets/chunk-Dew6YmUA.js                      [39m[1m[2m  252.22 kB[22m[1m[22m[2m Γöé gzip:    87.88 kB[22m
[2mdist/[22m[36massets/chunk-CbHXVZ5y.js                      [39m[1m[2m  744.62 kB[22m[1m[22m[2m Γöé gzip:   198.32 kB[22m
[2mdist/[22m[36massets/chunk-B9aCN3x-.js                      [39m[1m[2m  790.43 kB[22m[1m[22m[2m Γöé gzip:   305.68 kB[22m
[2mdist/[22m[36massets/index.mjs-_f4TH7wm.js                  [39m[1m[33m5,217.34 kB[39m[22m[2m Γöé gzip: 2,126.60 kB[22m

 WARN  
(!) Some chunks are larger than 1000 kB after minification. Consider:
- Using dynamic import() to code-split the application
- Use build.rollupOptions.output.manualChunks to improve chunking: https://rollupjs.org/configuration-options/#output-manualchunks
- Adjust chunk size limit for this warning via build.chunkSizeWarningLimit.

[32mΓ£ô built in 52.83s[39m
